admin:
root:
admin:!@#
admin:!@#!@#
admin:!@#$
admin:!@#$%^
admin:!@#$%^&*
admin:!@#$%^&*(
admin:!@#$%^&*()
admin:0123
admin:01234
admin:012345
admin:0123456
admin:01234567
admin:012345678
admin:0123456789
admin:112233
admin:12
admin:123
admin:123123
admin:1234
admin:12345
admin:123456
admin:1234567
admin:12345678
admin:123456789
admin:1234567890
admin:1234qwer
admin:1234qwerasdf
admin:1234qwerasdfzxcv
admin:123qwe
admin:123qweasd
admin:123qweasdzxc
admin:1314520
admin:147123
admin:147147
admin:147258
admin:147258369
admin:147369
admin:159357
admin:159753
admin:1qaz
admin:1qaz2wsx
admin:1qaz2wsx3edc
admin:2003
admin:2008
admin:223344
admin:234567
admin:258147
admin:258258
admin:258369
admin:321321
admin:334455
admin:345678
admin:369147
admin:369258
admin:369258147
admin:369369
admin:3edc4rfv
admin:445566
admin:456456
admin:5201314
admin:5tgb6yhn
admin:654654
admin:678910
admin:7758520
admin:778899
admin:789789
admin:7ujm8ik,
admin:987
admin:9876
admin:98765
admin:987654
admin:9876543
admin:98765432
admin:987654321
admin:9876543210
admin:987987
admin:Admin!#
admin:Admin$99
admin:Microsoft
admin:Server
admin:Service
admin:Sup%(52
admin:^*$%^&#$%^@
admin:admin
admin:admin1234
admin:admin3388
admin:admin4488
admin:admin4567
admin:admin888
admin:admin8888
admin:administrator
admin:administrators
admin:adminserver
admin:asdfasdf
admin:asdfg
admin:asdfghjkl
admin:changeit
admin:fack
admin:fackyou
admin:manager
admin:microsoft
admin:nsfocus
admin:password
admin:qwer
admin:qwertyuiop
admin:server
admin:service
admin:sqlserver
admin:tomcat
admin:tomcatadmin
admin:tomcatcat
admin:tomcatmanager
admin:tomcattomcat
admin:webserver
admin:zxcvbnm
admin:~!@
admin:~!@#
admin:~!@#$
admin:~!@#$%
admin:~!@#$%^
admin:~!@#$%^&
admin:~!@#$%^&*
admin:~!@#$%^&*(
admin:~!@#$%^&*()
administrator:huawei
apache:apache
auth:auth
cisco:Bmcc#123
conadmin:conadmin
ftp:ftp
manager:manager
monitor:123456
monitor:monitor
operator:operator
ora10:ora10
ora9i:ora9i
oracle9:oracle9
oracle:oracle
radware:Rad!#$
root1:root1
root:!@#
root:!@#!@#
root:!@#$
root:!@#$%^
root:!@#$%^&*
root:!@#$%^&*(
root:!@#$%^&*()
root:0123
root:01234
root:012345
root:0123456
root:01234567
root:012345678
root:0123456789
root:112233
root:12
root:123
root:123123
root:1234
root:12345
root:123456
root:1234567
root:12345678
root:123456789
root:1234567890
root:1234qwer
root:1234qwerasdf
root:1234qwerasdfzxcv
root:123qwe
root:123qweasd
root:123qweasdzxc
root:1314520
root:147123
root:147147
root:147258
root:147258369
root:147369
root:159357
root:159753
root:1qaz
root:1qaz2wsx
root:1qaz2wsx3edc
root:2003
root:2008
root:223344
root:234567
root:258147
root:258258
root:258369
root:321321
root:334455
root:345678
root:369147
root:369258
root:369258147
root:369369
root:3edc4rfv
root:445566
root:456456
root:5201314
root:5tgb6yhn
root:654654
root:678910
root:7758520
root:778899
root:789789
root:7ujm8ik
root:987
root:9876
root:98765
root:987654
root:9876543
root:98765432
root:987654321
root:9876543210
root:987987
root:Bmcc1@#$
root:Microsoft
root:Server
root:Service
root:^*$%^&#$%^@
root:asdfasdf
root:asdfg
root:asdfghjkl
root:changeit
root:changeme
root:default
root:fack
root:fackyou
root:huawei
root:infox123
root:manager
root:microsoft
root:qazwsx
root:qwer
root:qwertyuiop
root:root
root:root123
root:root1234
root:root3388
root:root4488
root:root4567
root:root8888
root:rootistrator
root:rootistrators
root:rootserver
root:server
root:service
root:sqlserver
root:tomcat
root:tomcatcat
root:tomcatmanager
root:tomcatroot
root:tomcattomcat
root:webserver
root:zxcvbnm
root:zxin10
root:~!@
root:~!@#
root:~!@#$
root:~!@#$%
root:~!@#$%^
root:~!@#$%^&
root:~!@#$%^&*
root:~!@#$%^&*(
root:~!@#$%^&*()
sshusr:huawei
super:huawei
sysinfo:sysinfo
update:update
user1:user1
user4a:user4a
user:user
webadmin:nsfocus
webadmin:webadmin
webapp:webapp
webaudit:nsfocus
weblog10:weblog10
weblog92:weblog92
weblog9:weblog9
weblogic:weblogic
webuser:webuser
tomcat:tomcat
tomcat:
easttomcat:eastcom#123